# keyboard device file
:device     /dev/input/by-path/pci-0000:00:04.0-usb-0:1:1.0-event-kbd

# translation
1   press   27  :   :

2   press   b1  b!  :
*   press   b2  b"  :
*   press   b3  b§  :
*   press   b4  b$  :
*   press   b5  b%  :
*   press   b6  b&  :
*   press   b7  b/  b{
*   press   b8  b(  b[
*   press   b9  b)  b]
*   press   b0  b=  b}
*   press   b\  b?  b:

13  press   b´  b`  :

14  press   8   :   :

15  press   9   :   :

16  press   bq  bQ  b@
*   press   bw  bW  :
*   press   be  bE  :
*   press   br  bR  :
*   press   bt  bT  :
*   press   bz  bZ  :
*   press   bu  bU  :
*   press   bi  bI  :
*   press   bo  bO  :
*   press   bp  bP  :

26  press   b/  :   :

27  press   b+  b*  b~

28  press   10  :   :

29  set     control

30  press   ba  bA  :
*   press   bs  bS  :
*   press   bd  bD  :
*   press   bf  bF  :
*   press   bg  bG  :
*   press   bh  bH  :
*   press   bj  bJ  :
*   press   bk  bK  :
*   press   bl  bL  :

41  press   b^  :   :

42  set     shift

43  press   b#  b'  :

44  press   by  bY  :

*   press   bx  bX  :
*   press   bc  bC  :
*   press   bv  bV  :
*   press   bb  bB  :
*   press   bn  bN  :
*   press   bm  bM  :
*   press   b,  b;  :
*   press   b.  b:  :
*   press   b-  b_  :

54  set     shift

56  set     alternative

57  press   s   :   :

58  toggle  capslock

86  press   b<  b>  b|

97  set     control

125 set     super
*   set     super
